// Vitest Snapshot v1, https://vitest.dev/guide/snapshot.html

exports[`testing login pop up component > matches the snapshot 1`] = `
"<form keep-values="" class="w-full">
  <div class="w-full space-y-3 mb-4">
    <!--v-if-->
    <div>
      <div data-v-87b53926="" class="space-y-2"><label data-v-87b53926="" for="radix-v-0-form-item" class="text-sm font-medium leading-none peer-disabled:cursor-not-allowed peer-disabled:opacity-70 text-secondary-foreground">Email *</label>
        <div data-v-87b53926="" class="relative w-full items-center"><input data-v-87b53926="" class="flex text-foreground bg-input h-10 w-full rounded-md border border-input px-3 py-2 text-sm ring-offset-background file:border-0 file:bg-transparent file:text-sm file:font-medium placeholder:text-muted-foreground focus-visible:outline-none focus-visible:ring-2 focus-visible:ring-ring focus-visible:ring-offset-2 disabled:cursor-not-allowed disabled:opacity-50" autocomplete="off" type="email" required="" placeholder="user@email.com" name="email" id="radix-v-0-form-item" aria-describedby="radix-v-0-form-item-description" aria-invalid="false"></div>
        <!--v-if-->
        <!---->
      </div>
    </div>
    <div class="">
      <div data-v-87b53926="" class="space-y-2"><label data-v-87b53926="" for="radix-v-1-form-item" class="text-sm font-medium leading-none peer-disabled:cursor-not-allowed peer-disabled:opacity-70 text-secondary-foreground">password *</label>
        <div data-v-87b53926="" class="relative w-full items-center"><input data-v-87b53926="" class="flex text-foreground bg-input h-10 w-full rounded-md border border-input px-3 py-2 text-sm ring-offset-background file:border-0 file:bg-transparent file:text-sm file:font-medium placeholder:text-muted-foreground focus-visible:outline-none focus-visible:ring-2 focus-visible:ring-ring focus-visible:ring-offset-2 disabled:cursor-not-allowed disabled:opacity-50 pr-10" autocomplete="off" type="password" required="" placeholder="*****" name="password" id="radix-v-1-form-item" aria-describedby="radix-v-1-form-item-description" aria-invalid="false"><span class="absolute cursor-pointer end-0 inset-y-0 flex items-center justify-center px-2"><transition-stub name="fade" mode="out-in" appear="false" persisted="false" css="true"><svg xmlns="http://www.w3.org/2000/svg" width="24" height="24" viewBox="0 0 24 24" fill="none" stroke="currentColor" stroke-width="2" stroke-linecap="round" stroke-linejoin="round" class="lucide lucide-eye-icon size-6 text-foreground"><path d="M2 12s3-7 10-7 10 7 10 7-3 7-10 7-10-7-10-7Z"></path><circle cx="12" cy="12" r="3"></circle></svg></transition-stub></span></div>
        <!--v-if-->
        <!---->
      </div>
    </div>
  </div>
  <div class="flex items-center justify-center gap-3 flex-col"><button class="inline-flex items-center justify-center whitespace-nowrap rounded-md text-sm font-medium ring-offset-background transition-colors focus-visible:outline-none focus-visible:ring-2 focus-visible:ring-ring focus-visible:ring-offset-2 disabled:pointer-events-none disabled:opacity-50 bg-primary text-primary-foreground hover:bg-primary/90 h-10 px-4 py-2 w-full" type="submit"> login </button>
    <div data-orientation="horizontal" role="separator" label="Or" class="shrink-0 bg-border relative h-px w-full"><span class="text-xs text-secondary absolute top-1/2 left-1/2 -translate-x-1/2 -translate-y-1/2 flex justify-center items-center h-[1px] py-1 px-2">Or</span></div>
    <!---->
  </div>
</form>"
`;
