// Vitest Snapshot v1, https://vitest.dev/guide/snapshot.html

exports[`MyComponent > Renders Correctly 1`] = `"<button class="items-center justify-center whitespace-nowrap text-sm font-medium ring-offset-background focus-visible:outline-none focus-visible:ring-2 focus-visible:ring-ring focus-visible:ring-offset-2 disabled:pointer-events-none disabled:opacity-50 bg-primary hover:bg-primary/90 h-10 px-4 py-2 flex gap-2 rounded-lg text-muted w-full hover:border-slate-200 hover:shadow transition duration-150"><img class="w-6 h-6" src="https://www.svgrepo.com/show/475656/google-color.svg" loading="lazy" alt="google logo"><span>Login with Google</span></button>"`;

exports[`MyComponent > matches the snapshot 1`] = `"<button class="items-center justify-center whitespace-nowrap text-sm font-medium ring-offset-background focus-visible:outline-none focus-visible:ring-2 focus-visible:ring-ring focus-visible:ring-offset-2 disabled:pointer-events-none disabled:opacity-50 bg-primary hover:bg-primary/90 h-10 px-4 py-2 flex gap-2 rounded-lg text-muted w-full hover:border-slate-200 hover:shadow transition duration-150"><img class="w-6 h-6" src="https://www.svgrepo.com/show/475656/google-color.svg" loading="lazy" alt="google logo"><span>Login with Google</span></button>"`;
